// Jest Snapshot v1, https://goo.gl/fbAQLP

exports[`snapshot test Component with a snapshot 1`] = `"<Faq>"`;
